npm notice run hatake-shop@0.0.0 start
npm notice run node dist/server.cjs
Firebase Admin Initialized Successfully
✅ Environment variables validated.
(node:9024) Warning: SECURITY WARNING: The SSL modes 'prefer', 'require', and 'verify-ca' are treated as aliases for 'verify-full'.
In the next major version (pg-connection-string v3.0.0 and pg v9.0.0), these modes will adopt standard libpq semantics, which have weaker security guarantees.

To prepare for this change:
- If you want the current behavior, explicitly use 'sslmode=verify-full'
- If you want libpq compatibility now, use 'uselibpqcompat=true&sslmode=require'

See https://www.postgresql.org/docs/current/libpq-ssl.html for libpq SSL mode definitions.
(Use `node --trace-warnings ...` to show where the warning was created)
Server running on http://localhost:3000
Hatake team synced to DB
AI Onboarding Error: ApiError: {"error":{"code":401,"message":"Request had invalid authentication credentials. Expected OAuth 2 access token, login cookie or other valid authentication credential. See https://developers.google.com/identity/sign-in/web/devconsole-project.","status":"UNAUTHENTICATED","details":[{"@type":"type.googleapis.com/google.rpc.ErrorInfo","reason":"ACCESS_TOKEN_TYPE_UNSUPPORTED","metadata":{"method":"google.ai.generativelanguage.v1beta.GenerativeService.GenerateContent","service":"generativelanguage.googleapis.com"}}]}}
    at throwErrorIfNotOK (/home/ewilliamhe/HatakeShop2.0/node_modules/@google/genai/dist/node/index.cjs:14112:30)
    at process.processTicksAndRejections (node:internal/process/task_queues:104:5)
    at async /home/ewilliamhe/HatakeShop2.0/node_modules/@google/genai/dist/node/index.cjs:13775:13
    at async Models.generateContent (/home/ewilliamhe/HatakeShop2.0/node_modules/@google/genai/dist/node/index.cjs:15243:24)
    at async /home/ewilliamhe/HatakeShop2.0/dist/server.cjs:5006:22 {
  status: 401
}
